// Jest Snapshot v1, https://goo.gl/fbAQLP

exports[`Desktop of the site: should render Desktop 1`] = `
<div>
  <div
    aria-label="desktopMenu"
  >
    <a
      aria-label="About Me"
      class="makeStyles-menuItem-4"
      color="default"
      data-block="Aboutmemenuitemdesktop"
    >
      <span
        class="MuiTypography-root MuiTypography-button"
      >
        About Me
      </span>
    </a>
    <a
      aria-label="Projects"
      class="makeStyles-menuItem-4"
      color="default"
      data-block="Projectsmenuitemdesktop"
    >
      <span
        class="MuiTypography-root MuiTypography-button"
      >
        Projects
      </span>
    </a>
    <a
      aria-label="Resume"
      class="makeStyles-menuItem-4"
      color="default"
      data-block="Resumemenuitemdesktop"
      href="ArshadResume.pdf"
    >
      <span
        class="MuiTypography-root MuiTypography-button"
      >
        Resume
      </span>
    </a>
  </div>
</div>
`;
