// Jest Snapshot v1, https://goo.gl/fbAQLP

exports[`ProjectCard of the site: should render ProjectCard with all the information in it 1`] = `
<div>
  <div
    class="MuiPaper-root MuiCard-root ProjectCard-root-1 MuiPaper-elevation8 MuiPaper-rounded"
  >
    <div
      class="MuiCardHeader-root"
      data-testid="projectHeading"
      id="heading"
    >
      <div
        class="MuiCardHeader-content"
      >
        <span
          class="MuiTypography-root MuiCardHeader-title MuiTypography-h5 MuiTypography-displayBlock"
        >
          Portfolio website version 1.0
        </span>
      </div>
    </div>
    <div
      class="MuiCardContent-root"
    >
      <p
        class="MuiTypography-root MuiTypography-body2"
      >
        A Portfolio site that contains all the work i have done so far. Includes work from college such as exercises, projects and also from outside college such as the android app.This is the first version written in pure HTML, CSS and javascript with a pinch of jquery.
      </p>
      <span
        class="MuiTypography-root MuiTypography-overline"
      >
        Languages Used: 
        <br />
        HTML | CSS | Javascript | jQuery
      </span>
    </div>
    <div
      class="MuiCardActions-root MuiCardActions-spacing"
    >
      <a
        aria-disabled="false"
        aria-label="link to Github for portfolio version 1"
        class="MuiButtonBase-root MuiIconButton-root MuiIconButton-colorSecondary"
        data-block="projectlink"
        href="https://github.com/arshad-shah/arshad-shah.github.io"
        role="button"
        tabindex="0"
      >
        <span
          class="MuiIconButton-label"
        >
          <svg
            aria-hidden="true"
            class="MuiSvgIcon-root MuiSvgIcon-fontSizeLarge"
            focusable="false"
            viewBox="0 0 24 24"
          >
            <path
              d="M12 .3a12 12 0 0 0-3.8 23.4c.6.1.8-.3.8-.6v-2c-3.3.7-4-1.6-4-1.6-.6-1.4-1.4-1.8-1.4-1.8-1-.7.1-.7.1-.7 1.2 0 1.9 1.2 1.9 1.2 1 1.8 2.8 1.3 3.5 1 0-.8.4-1.3.7-1.6-2.7-.3-5.5-1.3-5.5-6 0-1.2.5-2.3 1.3-3.1-.2-.4-.6-1.6 0-3.2 0 0 1-.3 3.4 1.2a11.5 11.5 0 0 1 6 0c2.3-1.5 3.3-1.2 3.3-1.2.6 1.6.2 2.8 0 3.2.9.8 1.3 1.9 1.3 3.2 0 4.6-2.8 5.6-5.5 5.9.5.4.9 1 .9 2.2v3.3c0 .3.1.7.8.6A12 12 0 0 0 12 .3"
            />
          </svg>
        </span>
        <span
          class="MuiTouchRipple-root"
        />
      </a>
      <a
        aria-disabled="false"
        aria-labelledby="Portfolio website version 1.0"
        class="MuiButtonBase-root MuiIconButton-root MuiIconButton-colorSecondary"
        data-block="projectLinkToSite"
        href="https://arshad-shah.github.io/portfoliov1/index.html"
        role="button"
        tabindex="0"
      >
        <span
          class="MuiIconButton-label"
        >
          <svg
            aria-hidden="true"
            class="MuiSvgIcon-root MuiSvgIcon-fontSizeLarge"
            focusable="false"
            viewBox="0 0 24 24"
          >
            <path
              d="M18 19H6c-.55 0-1-.45-1-1V6c0-.55.45-1 1-1h5c.55 0 1-.45 1-1s-.45-1-1-1H5c-1.11 0-2 .9-2 2v14c0 1.1.9 2 2 2h14c1.1 0 2-.9 2-2v-6c0-.55-.45-1-1-1s-1 .45-1 1v5c0 .55-.45 1-1 1zM14 4c0 .55.45 1 1 1h2.59l-9.13 9.13c-.39.39-.39 1.02 0 1.41.39.39 1.02.39 1.41 0L19 6.41V9c0 .55.45 1 1 1s1-.45 1-1V3h-6c-.55 0-1 .45-1 1z"
            />
          </svg>
        </span>
        <span
          class="MuiTouchRipple-root"
        />
      </a>
    </div>
  </div>
</div>
`;
