// Jest Snapshot v1, https://goo.gl/fbAQLP

exports[`the full app: should render the full app 1`] = `
<div>
  <div
    class="App-root-1"
  >
    <div
      class="makeStyles-root-2"
    >
      <div
        class="MuiToolbar-root MuiToolbar-regular MuiToolbar-gutters"
        id="back-to-top-anchor"
      />
      <header
        class="MuiPaper-root MuiAppBar-root MuiAppBar-positionFixed MuiAppBar-colorPrimary mui-fixed MuiPaper-elevation4"
      >
        <div
          class="MuiToolbar-root MuiToolbar-regular MuiToolbar-gutters"
        >
          <img
            alt=""
            aria-label="Logo"
            class="makeStyles-logo-4"
            src="logo.svg"
          />
          <p
            class="MuiTypography-root makeStyles-title-3 MuiTypography-h5 MuiTypography-colorTextPrimary"
          >
            A SHAH
          </p>
          <div
            aria-label="desktopMenu"
            style="margin-right: 2rem;"
          >
            <button
              aria-label="menuItem"
              class="MuiButtonBase-root MuiButton-root MuiButton-text"
              data-block="Aboutmemenuitemdesktop"
              tabindex="0"
              type="button"
            >
              <span
                class="MuiButton-label"
              >
                <a>
                  About Me
                </a>
              </span>
              <span
                class="MuiTouchRipple-root"
              />
            </button>
            <button
              aria-label="menuItem"
              class="MuiButtonBase-root MuiButton-root MuiButton-text"
              data-block="Projectsmenuitemdesktop"
              tabindex="0"
              type="button"
            >
              <span
                class="MuiButton-label"
              >
                <a>
                  Projects
                </a>
              </span>
              <span
                class="MuiTouchRipple-root"
              />
            </button>
            <a
              aria-disabled="false"
              aria-label="menuItem"
              class="MuiButtonBase-root MuiButton-root MuiButton-outlined"
              data-block="Resumemenuitemdesktop"
              href="ArshadResume.pdf"
              tabindex="0"
            >
              <span
                class="MuiButton-label"
              >
                Resume
              </span>
              <span
                class="MuiTouchRipple-root"
              />
            </a>
          </div>
        </div>
      </header>
    </div>
    <div
      style="opacity: 1; webkit-transition: opacity 1000ms cubic-bezier(0.4, 0, 0.2, 1) 0ms; transition: opacity 1000ms cubic-bezier(0.4, 0, 0.2, 1) 0ms;"
    >
      <div
        class="MuiBox-root MuiBox-root-9 makeStyles-hero-5"
      >
        <h4
          class="MuiTypography-root makeStyles-typography-6 MuiTypography-h4"
        >
          Hi, My Name Is
        </h4>
        <h2
          class="MuiTypography-root makeStyles-typography-6 MuiTypography-h2"
        >
          Arshad Shah!
        </h2>
        <h4
          class="MuiTypography-root makeStyles-typography-6 MuiTypography-h4"
        >
          A Second Year Computer Science Student, With a love for everything programming.
        </h4>
        <div
          class="MuiBox-root MuiBox-root-10"
        >
          <a
            aria-disabled="false"
            aria-label="link to Github account of Arshad shah"
            class="MuiButtonBase-root MuiIconButton-root makeStyles-socialLinks-7 MuiIconButton-colorPrimary"
            data-block="linktoGithub"
            href="https://github.com/arshad-shah"
            role="button"
            tabindex="0"
          >
            <span
              class="MuiIconButton-label"
            >
              <svg
                aria-hidden="true"
                class="MuiSvgIcon-root"
                focusable="false"
                viewBox="0 0 24 24"
              >
                <path
                  d="M12 .3a12 12 0 0 0-3.8 23.4c.6.1.8-.3.8-.6v-2c-3.3.7-4-1.6-4-1.6-.6-1.4-1.4-1.8-1.4-1.8-1-.7.1-.7.1-.7 1.2 0 1.9 1.2 1.9 1.2 1 1.8 2.8 1.3 3.5 1 0-.8.4-1.3.7-1.6-2.7-.3-5.5-1.3-5.5-6 0-1.2.5-2.3 1.3-3.1-.2-.4-.6-1.6 0-3.2 0 0 1-.3 3.4 1.2a11.5 11.5 0 0 1 6 0c2.3-1.5 3.3-1.2 3.3-1.2.6 1.6.2 2.8 0 3.2.9.8 1.3 1.9 1.3 3.2 0 4.6-2.8 5.6-5.5 5.9.5.4.9 1 .9 2.2v3.3c0 .3.1.7.8.6A12 12 0 0 0 12 .3"
                />
              </svg>
            </span>
            <span
              class="MuiTouchRipple-root"
            />
          </a>
          <a
            aria-disabled="false"
            aria-label="link to Linkedin account of Arshad shah"
            class="MuiButtonBase-root MuiIconButton-root makeStyles-socialLinks-7 MuiIconButton-colorPrimary"
            data-block="linktoLinkedin"
            href="https://www.linkedin.com/in/arshadshah"
            role="button"
            tabindex="0"
          >
            <span
              class="MuiIconButton-label"
            >
              <svg
                aria-hidden="true"
                class="MuiSvgIcon-root"
                focusable="false"
                viewBox="0 0 24 24"
              >
                <path
                  d="M19 3a2 2 0 0 1 2 2v14a2 2 0 0 1-2 2H5a2 2 0 0 1-2-2V5a2 2 0 0 1 2-2h14m-.5 15.5v-5.3a3.26 3.26 0 0 0-3.26-3.26c-.85 0-1.84.52-2.32 1.3v-1.11h-2.79v8.37h2.79v-4.93c0-.77.62-1.4 1.39-1.4a1.4 1.4 0 0 1 1.4 1.4v4.93h2.79M6.88 8.56a1.68 1.68 0 0 0 1.68-1.68c0-.93-.75-1.69-1.68-1.69a1.69 1.69 0 0 0-1.69 1.69c0 .93.76 1.68 1.69 1.68m1.39 9.94v-8.37H5.5v8.37h2.77z"
                />
              </svg>
            </span>
            <span
              class="MuiTouchRipple-root"
            />
          </a>
          <a
            aria-disabled="false"
            aria-label="link to mail account of Arshad shah"
            class="MuiButtonBase-root MuiIconButton-root makeStyles-socialLinks-7 MuiIconButton-colorPrimary"
            data-block="linktoMail"
            href="mailto:shaharshad1999@outlook.com"
            role="button"
            tabindex="0"
          >
            <span
              class="MuiIconButton-label"
            >
              <svg
                aria-hidden="true"
                class="MuiSvgIcon-root"
                focusable="false"
                viewBox="0 0 24 24"
              >
                <path
                  d="M20 4H4c-1.1 0-1.99.9-1.99 2L2 18c0 1.1.9 2 2 2h16c1.1 0 2-.9 2-2V6c0-1.1-.9-2-2-2zm0 4l-8 5-8-5V6l8 5 8-5v2z"
                />
              </svg>
            </span>
            <span
              class="MuiTouchRipple-root"
            />
          </a>
        </div>
        <a>
          <button
            aria-label="scroll down button"
            class="MuiButtonBase-root MuiIconButton-root MuiIconButton-colorSecondary MuiIconButton-sizeSmall"
            data-block="scrolldown"
            tabindex="0"
            type="button"
            variant="outlined"
          >
            <span
              class="MuiIconButton-label"
            >
              <svg
                aria-hidden="true"
                class="MuiSvgIcon-root"
                focusable="false"
                viewBox="0 0 24 24"
              >
                <path
                  d="M11 5v11.17l-4.88-4.88c-.39-.39-1.03-.39-1.42 0-.39.39-.39 1.02 0 1.41l6.59 6.59c.39.39 1.02.39 1.41 0l6.59-6.59c.39-.39.39-1.02 0-1.41a.9959.9959 0 00-1.41 0L13 16.17V5c0-.55-.45-1-1-1s-1 .45-1 1z"
                />
              </svg>
            </span>
            <span
              class="MuiTouchRipple-root"
            />
          </button>
        </a>
      </div>
    </div>
    <div
      class="Aboutme-root-11"
    >
      <div
        class="MuiToolbar-root MuiToolbar-regular Aboutme-aboutMeLink-13 MuiToolbar-gutters"
        id="aboutme"
      />
      <h2
        class="MuiTypography-root MuiTypography-h2 MuiTypography-gutterBottom MuiTypography-alignCenter"
      >
        About Me
      </h2>
      <div
        class="Aboutme-row-14"
      >
        <div
          class="Aboutme-aboutMePicture-15"
        >
          <img
            aria-label="Picture of Arshad shah."
            class="Aboutme-picture-17"
            src="Picture.png"
          />
        </div>
        <div
          class="Aboutme-aboutMeDesc-16"
        >
          <p
            class="MuiTypography-root MuiTypography-body1"
          >
            I like designing and creating stuff for all domains from mobile to desktop.
            <br />
            My goal is to make Cross Platform efficient, Clean application that give an easy and Perfect experience.
          </p>
          <h5
            class="MuiTypography-root Aboutme-subheading-18 MuiTypography-h5"
          >
            Certificates:
          </h5>
          <p
            class="MuiTypography-root MuiTypography-body1"
          >
            QQI Level 5 Certificate in Software Development
          </p>
          <h6
            class="MuiTypography-root MuiTypography-subtitle1"
          >
            With Distinction
          </h6>
          <p
            class="MuiTypography-root MuiTypography-body2"
          >
            Software Development, Web Development, Algorithms, Software Architecture
          </p>
          <h6
            class="MuiTypography-root MuiTypography-subtitle2"
          >
            08/2018 - 08/2019
          </h6>
          <h5
            class="MuiTypography-root Aboutme-subheading-18 MuiTypography-h5"
          >
            Work Experience:
            <p
              class="MuiTypography-root MuiTypography-body1"
            >
              Software Engineer - Intern
              <h6
                class="MuiTypography-root MuiTypography-subtitle1"
              >
                Houghton Mifflin Harcourt - Dublin
              </h6>
            </p>
            <p
              class="MuiTypography-root MuiTypography-body2"
            >
              During this internship i worked on one of the UI team reponsible for the HMH flagship product HMH ED.
              <br />
              Here i learned the React framework using the Single SPA pattern, unit testing, integration testing, and End to End testing.
              <br />
              i learned crucial skills, following an agile development methodology participating in sprints, completing tickets. And the most important aspect that i learned was the CI pipeline for building complex software traiging the build process across multiple teams.
            </p>
            <h6
              class="MuiTypography-root MuiTypography-subtitle2"
            >
              06/2021 - 08/2021
            </h6>
          </h5>
        </div>
      </div>
    </div>
    <div
      class="MuiBox-root MuiBox-root-23 Projects-root-19"
    >
      <div
        class="MuiToolbar-root MuiToolbar-regular Projects-projectsLink-20 MuiToolbar-gutters"
        id="projects"
      />
      <h2
        class="MuiTypography-root MuiTypography-h2 MuiTypography-gutterBottom MuiTypography-alignCenter"
      >
        Projects
      </h2>
      <div
        class="MuiGrid-root MuiGrid-container MuiGrid-spacing-xs-4 MuiGrid-align-items-xs-center MuiGrid-align-content-xs-center MuiGrid-justify-content-xs-space-around"
      >
        <div
          aria-label="ProjectCard"
          class="MuiGrid-root MuiGrid-item MuiGrid-grid-xs-12 MuiGrid-grid-sm-6 MuiGrid-grid-lg-4"
        >
          <div
            class="MuiPaper-root MuiCard-root ProjectCard-root-24 MuiPaper-elevation8 MuiPaper-rounded"
          >
            <div
              class="MuiCardHeader-root"
            >
              <div
                class="MuiCardHeader-content"
              >
                <span
                  class="MuiTypography-root MuiCardHeader-title MuiTypography-h5 MuiTypography-displayBlock"
                >
                  Portfolio website version 1.0
                </span>
              </div>
            </div>
            <div
              class="MuiCardContent-root"
            >
              <p
                class="MuiTypography-root MuiTypography-body2"
              >
                A Portfolio site that contains all the work i have done so far. Includes work from college such as exercises, projects and also from outside college such as the android app.This is the first version written in pure HTML, CSS and javascript with a pinch of jquery.
              </p>
              <span
                class="MuiTypography-root MuiTypography-overline"
              >
                Languages Used: 
                <br />
                HTML | CSS | Javascript | jQuery
              </span>
            </div>
            <div
              class="MuiCardActions-root MuiCardActions-spacing"
            >
              <a
                aria-disabled="false"
                aria-label="link to Github for portfolio version 1"
                class="MuiButtonBase-root MuiIconButton-root MuiIconButton-colorSecondary"
                data-block="projectlink"
                href="https://github.com/arshad-shah/portfoliov1"
                role="button"
                tabindex="0"
              >
                <span
                  class="MuiIconButton-label"
                >
                  <svg
                    aria-hidden="true"
                    class="MuiSvgIcon-root"
                    focusable="false"
                    viewBox="0 0 24 24"
                  >
                    <path
                      d="M12 .3a12 12 0 0 0-3.8 23.4c.6.1.8-.3.8-.6v-2c-3.3.7-4-1.6-4-1.6-.6-1.4-1.4-1.8-1.4-1.8-1-.7.1-.7.1-.7 1.2 0 1.9 1.2 1.9 1.2 1 1.8 2.8 1.3 3.5 1 0-.8.4-1.3.7-1.6-2.7-.3-5.5-1.3-5.5-6 0-1.2.5-2.3 1.3-3.1-.2-.4-.6-1.6 0-3.2 0 0 1-.3 3.4 1.2a11.5 11.5 0 0 1 6 0c2.3-1.5 3.3-1.2 3.3-1.2.6 1.6.2 2.8 0 3.2.9.8 1.3 1.9 1.3 3.2 0 4.6-2.8 5.6-5.5 5.9.5.4.9 1 .9 2.2v3.3c0 .3.1.7.8.6A12 12 0 0 0 12 .3"
                    />
                  </svg>
                </span>
                <span
                  class="MuiTouchRipple-root"
                />
              </a>
            </div>
          </div>
        </div>
        <div
          aria-label="ProjectCard"
          class="MuiGrid-root MuiGrid-item MuiGrid-grid-xs-12 MuiGrid-grid-sm-6 MuiGrid-grid-lg-4"
        >
          <div
            class="MuiPaper-root MuiCard-root ProjectCard-root-24 MuiPaper-elevation8 MuiPaper-rounded"
          >
            <div
              class="MuiCardHeader-root"
            >
              <div
                class="MuiCardHeader-content"
              >
                <span
                  class="MuiTypography-root MuiCardHeader-title MuiTypography-h5 MuiTypography-displayBlock"
                >
                  Portfolio website version 2.0
                </span>
              </div>
            </div>
            <div
              class="MuiCardContent-root"
            >
              <p
                class="MuiTypography-root MuiTypography-body2"
              >
                The current version of the Portfolio site that contains all the work i have done so far. Includes work from college such as exercises, projects and also from outside college such as the android app.This is the second version written in javascript using the React framework, and designed using Material UI.
              </p>
              <span
                class="MuiTypography-root MuiTypography-overline"
              >
                Languages Used: 
                <br />
                HTML | Javascript | React framework | Material UI
              </span>
            </div>
            <div
              class="MuiCardActions-root MuiCardActions-spacing"
            >
              <a
                aria-disabled="false"
                aria-label="link to Github for portfolio version 2"
                class="MuiButtonBase-root MuiIconButton-root MuiIconButton-colorSecondary"
                data-block="projectlink"
                href="https://github.com/arshad-shah/arshad-shah.github.io"
                role="button"
                tabindex="0"
              >
                <span
                  class="MuiIconButton-label"
                >
                  <svg
                    aria-hidden="true"
                    class="MuiSvgIcon-root"
                    focusable="false"
                    viewBox="0 0 24 24"
                  >
                    <path
                      d="M12 .3a12 12 0 0 0-3.8 23.4c.6.1.8-.3.8-.6v-2c-3.3.7-4-1.6-4-1.6-.6-1.4-1.4-1.8-1.4-1.8-1-.7.1-.7.1-.7 1.2 0 1.9 1.2 1.9 1.2 1 1.8 2.8 1.3 3.5 1 0-.8.4-1.3.7-1.6-2.7-.3-5.5-1.3-5.5-6 0-1.2.5-2.3 1.3-3.1-.2-.4-.6-1.6 0-3.2 0 0 1-.3 3.4 1.2a11.5 11.5 0 0 1 6 0c2.3-1.5 3.3-1.2 3.3-1.2.6 1.6.2 2.8 0 3.2.9.8 1.3 1.9 1.3 3.2 0 4.6-2.8 5.6-5.5 5.9.5.4.9 1 .9 2.2v3.3c0 .3.1.7.8.6A12 12 0 0 0 12 .3"
                    />
                  </svg>
                </span>
                <span
                  class="MuiTouchRipple-root"
                />
              </a>
            </div>
          </div>
        </div>
        <div
          aria-label="ProjectCard"
          class="MuiGrid-root MuiGrid-item MuiGrid-grid-xs-12 MuiGrid-grid-sm-6 MuiGrid-grid-lg-4"
        >
          <div
            class="MuiPaper-root MuiCard-root ProjectCard-root-24 MuiPaper-elevation8 MuiPaper-rounded"
          >
            <div
              class="MuiCardHeader-root"
            >
              <div
                class="MuiCardHeader-content"
              >
                <span
                  class="MuiTypography-root MuiCardHeader-title MuiTypography-h5 MuiTypography-displayBlock"
                >
                  Android App Project | Nimaz
                </span>
              </div>
            </div>
            <div
              class="MuiCardContent-root"
            >
              <p
                class="MuiTypography-root MuiTypography-body2"
              >
                An app that calculates Muslim Prayer times and displays it in a clean UI. Features are Alarms for each prayer, Tasbeeh counter, Qibla compass, Names of Allah with translation and transliterations
              </p>
              <span
                class="MuiTypography-root MuiTypography-overline"
              >
                Languages Used: 
                <br />
                Kotlin | Xml
              </span>
            </div>
            <div
              class="MuiCardActions-root MuiCardActions-spacing"
            >
              <a
                aria-disabled="false"
                aria-label="link to Google play store for Nimaz App"
                class="MuiButtonBase-root MuiIconButton-root MuiIconButton-colorSecondary"
                data-block="projectlink"
                href="https://play.google.com/store/apps/details?id=com.arshadshah.nimaz&pcampaignid=pcampaignidMKT-Other-global-all-co-prtnr-py-PartBadge-Mar2515-1"
                role="button"
                tabindex="0"
              >
                <span
                  class="MuiIconButton-label"
                >
                  <svg
                    aria-hidden="true"
                    class="MuiSvgIcon-root"
                    focusable="false"
                    viewBox="0 0 24 24"
                  >
                    <path
                      d="M16 6V4c0-1.1-.9-2-2-2h-4c-1.1 0-2 .9-2 2v2H4c-1.1 0-2 .9-2 2v11c0 1.1.9 2 2 2h16c1.1 0 2-.9 2-2V8c0-1.1-.9-2-2-2h-4zm-6-2h4v2h-4V4zM9 17.07V9.83c0-.38.4-.62.74-.44l6.03 3.21c.33.18.36.65.04.86l-6.03 4.02c-.33.22-.78-.01-.78-.41z"
                    />
                  </svg>
                </span>
                <span
                  class="MuiTouchRipple-root"
                />
              </a>
            </div>
          </div>
        </div>
        <div
          aria-label="ProjectCard"
          class="MuiGrid-root MuiGrid-item MuiGrid-grid-xs-12 MuiGrid-grid-sm-6 MuiGrid-grid-lg-4"
        >
          <div
            class="MuiPaper-root MuiCard-root ProjectCard-root-24 MuiPaper-elevation8 MuiPaper-rounded"
          >
            <div
              class="MuiCardHeader-root"
            >
              <div
                class="MuiCardHeader-content"
              >
                <span
                  class="MuiTypography-root MuiCardHeader-title MuiTypography-h5 MuiTypography-displayBlock"
                >
                  Library Booking System
                </span>
              </div>
            </div>
            <div
              class="MuiCardContent-root"
            >
              <p
                class="MuiTypography-root MuiTypography-body2"
              >
                A Library booking system that does account management such as log in register, and password reset, borrowing, returning, fines.
              </p>
              <span
                class="MuiTypography-root MuiTypography-overline"
              >
                Languages Used: 
                <br />
                HTML 5 | CSS 3 | Javascript | jQuery | PHP | MySQL
              </span>
            </div>
            <div
              class="MuiCardActions-root MuiCardActions-spacing"
            >
              <a
                aria-disabled="false"
                aria-label="link to Github for library booking system repo"
                class="MuiButtonBase-root MuiIconButton-root MuiIconButton-colorSecondary"
                data-block="projectlink"
                href="https://github.com/arshad-shah/library_application.git"
                role="button"
                tabindex="0"
              >
                <span
                  class="MuiIconButton-label"
                >
                  <svg
                    aria-hidden="true"
                    class="MuiSvgIcon-root"
                    focusable="false"
                    viewBox="0 0 24 24"
                  >
                    <path
                      d="M12 .3a12 12 0 0 0-3.8 23.4c.6.1.8-.3.8-.6v-2c-3.3.7-4-1.6-4-1.6-.6-1.4-1.4-1.8-1.4-1.8-1-.7.1-.7.1-.7 1.2 0 1.9 1.2 1.9 1.2 1 1.8 2.8 1.3 3.5 1 0-.8.4-1.3.7-1.6-2.7-.3-5.5-1.3-5.5-6 0-1.2.5-2.3 1.3-3.1-.2-.4-.6-1.6 0-3.2 0 0 1-.3 3.4 1.2a11.5 11.5 0 0 1 6 0c2.3-1.5 3.3-1.2 3.3-1.2.6 1.6.2 2.8 0 3.2.9.8 1.3 1.9 1.3 3.2 0 4.6-2.8 5.6-5.5 5.9.5.4.9 1 .9 2.2v3.3c0 .3.1.7.8.6A12 12 0 0 0 12 .3"
                    />
                  </svg>
                </span>
                <span
                  class="MuiTouchRipple-root"
                />
              </a>
            </div>
          </div>
        </div>
        <div
          aria-label="ProjectCard"
          class="MuiGrid-root MuiGrid-item MuiGrid-grid-xs-12 MuiGrid-grid-sm-6 MuiGrid-grid-lg-4"
        >
          <div
            class="MuiPaper-root MuiCard-root ProjectCard-root-24 MuiPaper-elevation8 MuiPaper-rounded"
          >
            <div
              class="MuiCardHeader-root"
            >
              <div
                class="MuiCardHeader-content"
              >
                <span
                  class="MuiTypography-root MuiCardHeader-title MuiTypography-h5 MuiTypography-displayBlock"
                >
                  Year 1 Website Project
                </span>
              </div>
            </div>
            <div
              class="MuiCardContent-root"
            >
              <p
                class="MuiTypography-root MuiTypography-body2"
              >
                 A Website using modern technologies, about A.I.
              </p>
              <span
                class="MuiTypography-root MuiTypography-overline"
              >
                Languages Used: 
                <br />
                HTML 5 | CSS 3 | Javascript | jQuery
              </span>
            </div>
            <div
              class="MuiCardActions-root MuiCardActions-spacing"
            >
              <a
                aria-disabled="false"
                aria-label="link to Github for yaer wbsite project repo"
                class="MuiButtonBase-root MuiIconButton-root MuiIconButton-colorSecondary"
                data-block="projectlink"
                href="https://github.com/arshad-shah/Year-1-Web-Dev-Project.git"
                role="button"
                tabindex="0"
              >
                <span
                  class="MuiIconButton-label"
                >
                  <svg
                    aria-hidden="true"
                    class="MuiSvgIcon-root"
                    focusable="false"
                    viewBox="0 0 24 24"
                  >
                    <path
                      d="M12 .3a12 12 0 0 0-3.8 23.4c.6.1.8-.3.8-.6v-2c-3.3.7-4-1.6-4-1.6-.6-1.4-1.4-1.8-1.4-1.8-1-.7.1-.7.1-.7 1.2 0 1.9 1.2 1.9 1.2 1 1.8 2.8 1.3 3.5 1 0-.8.4-1.3.7-1.6-2.7-.3-5.5-1.3-5.5-6 0-1.2.5-2.3 1.3-3.1-.2-.4-.6-1.6 0-3.2 0 0 1-.3 3.4 1.2a11.5 11.5 0 0 1 6 0c2.3-1.5 3.3-1.2 3.3-1.2.6 1.6.2 2.8 0 3.2.9.8 1.3 1.9 1.3 3.2 0 4.6-2.8 5.6-5.5 5.9.5.4.9 1 .9 2.2v3.3c0 .3.1.7.8.6A12 12 0 0 0 12 .3"
                    />
                  </svg>
                </span>
                <span
                  class="MuiTouchRipple-root"
                />
              </a>
            </div>
          </div>
        </div>
        <div
          aria-label="ProjectCard"
          class="MuiGrid-root MuiGrid-item MuiGrid-grid-xs-12 MuiGrid-grid-sm-6 MuiGrid-grid-lg-4"
        >
          <div
            class="MuiPaper-root MuiCard-root ProjectCard-root-24 MuiPaper-elevation8 MuiPaper-rounded"
          >
            <div
              class="MuiCardHeader-root"
            >
              <div
                class="MuiCardHeader-content"
              >
                <span
                  class="MuiTypography-root MuiCardHeader-title MuiTypography-h5 MuiTypography-displayBlock"
                >
                  School Exercises Year 1
                </span>
              </div>
            </div>
            <div
              class="MuiCardContent-root"
            >
              <p
                class="MuiTypography-root MuiTypography-body2"
              >
                 All the Exercises from college during Module Web Development 1
              </p>
              <span
                class="MuiTypography-root MuiTypography-overline"
              >
                Languages Used: 
                <br />
                HTML 5 | CSS 3 | Javascript
              </span>
            </div>
            <div
              class="MuiCardActions-root MuiCardActions-spacing"
            >
              <a
                aria-disabled="false"
                aria-label="link to Github for year 1 excercises in university repo"
                class="MuiButtonBase-root MuiIconButton-root MuiIconButton-colorSecondary"
                data-block="projectlink"
                href="https://github.com/arshad-shah/year-1-Web-Dev-1-Sites.git"
                role="button"
                tabindex="0"
              >
                <span
                  class="MuiIconButton-label"
                >
                  <svg
                    aria-hidden="true"
                    class="MuiSvgIcon-root"
                    focusable="false"
                    viewBox="0 0 24 24"
                  >
                    <path
                      d="M12 .3a12 12 0 0 0-3.8 23.4c.6.1.8-.3.8-.6v-2c-3.3.7-4-1.6-4-1.6-.6-1.4-1.4-1.8-1.4-1.8-1-.7.1-.7.1-.7 1.2 0 1.9 1.2 1.9 1.2 1 1.8 2.8 1.3 3.5 1 0-.8.4-1.3.7-1.6-2.7-.3-5.5-1.3-5.5-6 0-1.2.5-2.3 1.3-3.1-.2-.4-.6-1.6 0-3.2 0 0 1-.3 3.4 1.2a11.5 11.5 0 0 1 6 0c2.3-1.5 3.3-1.2 3.3-1.2.6 1.6.2 2.8 0 3.2.9.8 1.3 1.9 1.3 3.2 0 4.6-2.8 5.6-5.5 5.9.5.4.9 1 .9 2.2v3.3c0 .3.1.7.8.6A12 12 0 0 0 12 .3"
                    />
                  </svg>
                </span>
                <span
                  class="MuiTouchRipple-root"
                />
              </a>
            </div>
          </div>
        </div>
        <div
          aria-label="ProjectCard"
          class="MuiGrid-root MuiGrid-item MuiGrid-grid-xs-12 MuiGrid-grid-sm-6 MuiGrid-grid-lg-4"
        >
          <div
            class="MuiPaper-root MuiCard-root ProjectCard-root-24 MuiPaper-elevation8 MuiPaper-rounded"
          >
            <div
              class="MuiCardHeader-root"
            >
              <div
                class="MuiCardHeader-content"
              >
                <span
                  class="MuiTypography-root MuiCardHeader-title MuiTypography-h5 MuiTypography-displayBlock"
                >
                  School Exercises Year 2
                </span>
              </div>
            </div>
            <div
              class="MuiCardContent-root"
            >
              <p
                class="MuiTypography-root MuiTypography-body2"
              >
                All the Exercises from college during Module Web Development 2
              </p>
              <span
                class="MuiTypography-root MuiTypography-overline"
              >
                Languages Used: 
                <br />
                HTML 5 | CSS 3 | Javascript | PHP | MySQL
              </span>
            </div>
            <div
              class="MuiCardActions-root MuiCardActions-spacing"
            >
              <a
                aria-disabled="false"
                aria-label="link to Github for year 2 excercises in university repo"
                class="MuiButtonBase-root MuiIconButton-root MuiIconButton-colorSecondary"
                data-block="projectlink"
                href="https://github.com/arshad-shah/web_exercises_year2.git"
                role="button"
                tabindex="0"
              >
                <span
                  class="MuiIconButton-label"
                >
                  <svg
                    aria-hidden="true"
                    class="MuiSvgIcon-root"
                    focusable="false"
                    viewBox="0 0 24 24"
                  >
                    <path
                      d="M12 .3a12 12 0 0 0-3.8 23.4c.6.1.8-.3.8-.6v-2c-3.3.7-4-1.6-4-1.6-.6-1.4-1.4-1.8-1.4-1.8-1-.7.1-.7.1-.7 1.2 0 1.9 1.2 1.9 1.2 1 1.8 2.8 1.3 3.5 1 0-.8.4-1.3.7-1.6-2.7-.3-5.5-1.3-5.5-6 0-1.2.5-2.3 1.3-3.1-.2-.4-.6-1.6 0-3.2 0 0 1-.3 3.4 1.2a11.5 11.5 0 0 1 6 0c2.3-1.5 3.3-1.2 3.3-1.2.6 1.6.2 2.8 0 3.2.9.8 1.3 1.9 1.3 3.2 0 4.6-2.8 5.6-5.5 5.9.5.4.9 1 .9 2.2v3.3c0 .3.1.7.8.6A12 12 0 0 0 12 .3"
                    />
                  </svg>
                </span>
                <span
                  class="MuiTouchRipple-root"
                />
              </a>
            </div>
          </div>
        </div>
      </div>
    </div>
    <div
      class="makeStyles-root-28"
      role="presentation"
      style="transform: scale(0); visibility: hidden;"
    >
      <button
        aria-label="scroll back to top"
        class="MuiButtonBase-root MuiFab-root MuiFab-sizeMedium MuiFab-secondary"
        data-block="backtotopbutton"
        tabindex="0"
        type="button"
      >
        <span
          class="MuiFab-label"
        >
          <svg
            aria-hidden="true"
            class="MuiSvgIcon-root"
            focusable="false"
            viewBox="0 0 24 24"
          >
            <path
              d="M13 19V7.83l4.88 4.88c.39.39 1.03.39 1.42 0 .39-.39.39-1.02 0-1.41l-6.59-6.59a.9959.9959 0 00-1.41 0l-6.6 6.58c-.39.39-.39 1.02 0 1.41.39.39 1.02.39 1.41 0L11 7.83V19c0 .55.45 1 1 1s1-.45 1-1z"
            />
          </svg>
        </span>
        <span
          class="MuiTouchRipple-root"
        />
      </button>
    </div>
    <div
      class="MuiBox-root MuiBox-root-31 makeStyles-root-29"
    >
      <h6
        class="MuiTypography-root MuiTypography-h6"
      >
        © 
        2021
         Designed and Created By: Arshad Shah
      </h6>
      <div
        class="MuiBox-root MuiBox-root-32"
      >
        <a
          aria-disabled="false"
          aria-label="link to Github account of Arshad shah"
          class="MuiButtonBase-root MuiIconButton-root makeStyles-socialLinks-30"
          data-block="linktoGithub"
          href="https://github.com/arshad-shah"
          role="button"
          tabindex="0"
        >
          <span
            class="MuiIconButton-label"
          >
            <svg
              aria-hidden="true"
              class="MuiSvgIcon-root"
              focusable="false"
              viewBox="0 0 24 24"
            >
              <path
                d="M12 .3a12 12 0 0 0-3.8 23.4c.6.1.8-.3.8-.6v-2c-3.3.7-4-1.6-4-1.6-.6-1.4-1.4-1.8-1.4-1.8-1-.7.1-.7.1-.7 1.2 0 1.9 1.2 1.9 1.2 1 1.8 2.8 1.3 3.5 1 0-.8.4-1.3.7-1.6-2.7-.3-5.5-1.3-5.5-6 0-1.2.5-2.3 1.3-3.1-.2-.4-.6-1.6 0-3.2 0 0 1-.3 3.4 1.2a11.5 11.5 0 0 1 6 0c2.3-1.5 3.3-1.2 3.3-1.2.6 1.6.2 2.8 0 3.2.9.8 1.3 1.9 1.3 3.2 0 4.6-2.8 5.6-5.5 5.9.5.4.9 1 .9 2.2v3.3c0 .3.1.7.8.6A12 12 0 0 0 12 .3"
              />
            </svg>
          </span>
          <span
            class="MuiTouchRipple-root"
          />
        </a>
        <a
          aria-disabled="false"
          aria-label="link to Linkedin account of Arshad shah"
          class="MuiButtonBase-root MuiIconButton-root makeStyles-socialLinks-30"
          data-block="linktoLinkedin"
          href="https://www.linkedin.com/in/arshadshah"
          role="button"
          tabindex="0"
        >
          <span
            class="MuiIconButton-label"
          >
            <svg
              aria-hidden="true"
              class="MuiSvgIcon-root"
              focusable="false"
              viewBox="0 0 24 24"
            >
              <path
                d="M19 3a2 2 0 0 1 2 2v14a2 2 0 0 1-2 2H5a2 2 0 0 1-2-2V5a2 2 0 0 1 2-2h14m-.5 15.5v-5.3a3.26 3.26 0 0 0-3.26-3.26c-.85 0-1.84.52-2.32 1.3v-1.11h-2.79v8.37h2.79v-4.93c0-.77.62-1.4 1.39-1.4a1.4 1.4 0 0 1 1.4 1.4v4.93h2.79M6.88 8.56a1.68 1.68 0 0 0 1.68-1.68c0-.93-.75-1.69-1.68-1.69a1.69 1.69 0 0 0-1.69 1.69c0 .93.76 1.68 1.69 1.68m1.39 9.94v-8.37H5.5v8.37h2.77z"
              />
            </svg>
          </span>
          <span
            class="MuiTouchRipple-root"
          />
        </a>
        <a
          aria-disabled="false"
          aria-label="link to mail account of Arshad shah"
          class="MuiButtonBase-root MuiIconButton-root makeStyles-socialLinks-30"
          data-block="linktoMail"
          href="mailto:shaharshad1999@outlook.com"
          role="button"
          tabindex="0"
        >
          <span
            class="MuiIconButton-label"
          >
            <svg
              aria-hidden="true"
              class="MuiSvgIcon-root"
              focusable="false"
              viewBox="0 0 24 24"
            >
              <path
                d="M20 4H4c-1.1 0-1.99.9-1.99 2L2 18c0 1.1.9 2 2 2h16c1.1 0 2-.9 2-2V6c0-1.1-.9-2-2-2zm0 4l-8 5-8-5V6l8 5 8-5v2z"
              />
            </svg>
          </span>
          <span
            class="MuiTouchRipple-root"
          />
        </a>
      </div>
      <h6
        class="MuiTypography-root MuiTypography-subtitle2"
      >
        Google Play and the Google Play logo are trademarks of Google LLC.
      </h6>
      <h6
        class="MuiTypography-root MuiTypography-subtitle2"
      >
        V2.0 Date: 15/August/2021
      </h6>
    </div>
  </div>
</div>
`;
